node.exe : 
[31mx[39m Build 
failed in 54ms
At line:1 char:1
+ & "C:\Program Files\
nodejs/node.exe" "C:\U
sers\RAYANA\AppData\Ro
aming ...
+ ~~~~~~~~~~~~~~~~~~~~
~~~~~~~~~~~~~~~~~~~~~~
~~~~~~~~~~~~~~~~~~~~~~
~~~~~
    + CategoryInfo    
          : NotSpeci  
  fied: ([31mx[39   
 m Build failed in    
 54ms:String) [],     
RemoteException
    + FullyQualifiedE 
   rrorId : NativeCo  
  mmandError
 
[31merror during 
build:
[31m[vite]: Rollup 
failed to resolve 
import 
"/src/main.jsx" from "
C:/Users/RAYANA/OneDri
ve/Desktop/TradeSentie
nt/frontend/index.html
".
This is most likely 
unintended because it 
can break your 
application at 
runtime.
If you do want to 
externalize this 
module explicitly add 
it to
`build.rollupOptions.e
xternal`[31m
    at viteWarn (file:
///C:/Users/RAYANA/One
Drive/Desktop/TradeSen
tient/frontend/node_mo
dules/vite/dist/node/c
hunks/dep-BK3b2jBa.js:
65855:17)
    at onwarn (file://
/C:/Users/RAYANA/OneDr
ive/Desktop/TradeSenti
ent/frontend/node_modu
les/@vitejs/plugin-rea
ct/dist/index.js:90:7)
    at 
onRollupWarning (file:
///C:/Users/RAYANA/One
Drive/Desktop/TradeSen
tient/frontend/node_mo
dules/vite/dist/node/c
hunks/dep-BK3b2jBa.js:
65885:5)
    at onwarn (file://
/C:/Users/RAYANA/OneDr
ive/Desktop/TradeSenti
ent/frontend/node_modu
les/vite/dist/node/chu
nks/dep-BK3b2jBa.js:65
550:7)
    at file:///C:/User
s/RAYANA/OneDrive/Desk
top/TradeSentient/fron
tend/node_modules/roll
up/dist/es/shared/node
-entry.js:20972:13
    at Object.logger 
[as onLog] (file:///C:
/Users/RAYANA/OneDrive
/Desktop/TradeSentient
/frontend/node_modules
/rollup/dist/es/shared
/node-entry.js:22945:9
)
    at ModuleLoader.ha
ndleInvalidResolvedId 
(file:///C:/Users/RAYA
NA/OneDrive/Desktop/Tr
adeSentient/frontend/n
ode_modules/rollup/dis
t/es/shared/node-entry
.js:21689:26)
    at file:///C:/User
s/RAYANA/OneDrive/Desk
top/TradeSentient/fron
tend/node_modules/roll
up/dist/es/shared/node
-entry.js:21647:26[39
m
